[38;5;30m---PROGRAM STARTED---[0m [0m
[38;5;30m[ARGS][0m [38;5;208m[ [0m[38;5;92m"C:\\Users\\User\\Desktop\\pyexts\\misc\\src\\misc\\sfi.py"[0m[38;5;208m ][0m[0m
[38;5;30m---PROGRAM STARTED---[0m [0m
[38;5;30m[ARGS][0m [38;5;208m[ [0m[38;5;92m"C:\\Users\\User\\Desktop\\pyexts\\misc\\src\\misc\\sfi.py"[0m[38;5;208m ][0m[0m
[38;5;30m---PROGRAM STARTED---[0m [0m
[38;5;30m[ARGS][0m [38;5;208m[
[0m  [38;5;92m"C:\\Users\\User\\Desktop\\pyexts\\misc\\src\\misc\\sfi.py"[0m[38;5;208m,[0m
  [38;5;92m"-p"[0m[38;5;208m,[0m
  [38;5;92m"C:\\Users\\User\\Desktop\\pyexts\\misc\\src\\misc\\dist\\logs"[0m[38;5;208m,[0m
  [38;5;92m"-i"[0m[38;5;208m,[0m
  [38;5;92m"C:\\Users\\User\\Desktop\\chrome extensions\\foldericon.ico"[0m[38;5;208m
][0m[0m
[38;5;30m---PROGRAM STARTED---[0m [0m
[38;5;30m[ARGS][0m [38;5;208m[
[0m  [38;5;92m"C:\\Users\\User\\Desktop\\pyexts\\misc\\src\\misc\\sfi.py"[0m[38;5;208m,[0m
  [38;5;92m"-p"[0m[38;5;208m,[0m
  [38;5;92m"C:\\Users\\User\\Desktop\\pyexts\\misc\\src\\misc\\dist\\logs"[0m[38;5;208m,[0m
  [38;5;92m"-i"[0m[38;5;208m,[0m
  [38;5;92m"C:\\Users\\User\\Desktop\\chrome extensions\\foldericon.ico"[0m[38;5;208m
][0m[0m
[38;5;30m---PROGRAM STARTED---[0m [0m
[38;5;30m[ARGS][0m [38;5;208m[
[0m  [38;5;92m"C:\\Users\\User\\Desktop\\pyexts\\misc\\src\\misc\\sfi.py"[0m[38;5;208m,[0m
  [38;5;92m"-p"[0m[38;5;208m,[0m
  [38;5;92m"C:\\Users\\User\\Desktop\\pyexts\\misc\\src\\misc\\dist\\logs"[0m[38;5;208m,[0m
  [38;5;92m"-i"[0m[38;5;208m,[0m
  [38;5;92m"C:\\Users\\User\\Desktop\\chrome extensions\\foldericon.ico"[0m[38;5;208m
][0m[0m
[38;5;30m---PROGRAM STARTED---[0m [0m
[38;5;30m[ARGS][0m [38;5;208m[
[0m  [38;5;92m"C:\\Users\\User\\Desktop\\pyexts\\misc\\src\\misc\\sfi.py"[0m[38;5;208m,[0m
  [38;5;92m"-p"[0m[38;5;208m,[0m
  [38;5;92m"C:\\Users\\User\\Desktop\\pyexts\\misc\\src\\misc\\dist\\logs"[0m[38;5;208m,[0m
  [38;5;92m"-i"[0m[38;5;208m,[0m
  [38;5;92m"C:\\Users\\User\\Desktop\\chrome extensions\\foldericon.ico"[0m[38;5;208m
][0m[0m
[38;5;30m---PROGRAM STARTED---[0m [0m
[38;5;30m[ARGS][0m [38;5;208m[
[0m  [38;5;92m"C:\\Users\\User\\Desktop\\pyexts\\misc\\src\\misc\\sfi.py"[0m[38;5;208m,[0m
  [38;5;92m"-p"[0m[38;5;208m,[0m
  [38;5;92m"C:\\Users\\User\\Desktop\\pyexts\\misc\\src\\misc\\dist\\logs"[0m[38;5;208m,[0m
  [38;5;92m"-i"[0m[38;5;208m,[0m
  [38;5;92m"C:\\Users\\User\\Desktop\\chrome extensions\\foldericon.ico"[0m[38;5;208m
][0m[0m
[38;5;30m---PROGRAM STARTED---[0m [0m
[38;5;30m[ARGS][0m [38;5;208m[ [0m[38;5;92m"c:/Users/User/Desktop/pyexts/misc/src/misc/__init__.py"[0m[38;5;208m ][0m[0m
[38;5;19m[1m[DEBUG][0m [38;5;92m"asdklasjdlkasd"[0m [38;5;208m{ [0m[38;5;92m"asd"[0m[38;5;208m:[0m [38;5;92m"asdasddsa"[0m[38;5;208m,[0m [38;5;92m[38;5;28m123,123[0m[0m[38;5;208m:[0m [38;5;208m[ [0m[38;5;28m1,238,732,112,398[0m[38;5;208m,[0m [38;5;92m"asdkasjdkl"[0m[38;5;208m,[0m [38;5;28m12,321[0m[38;5;208m ][0m[38;5;208m }[0m[0m
