
---PROGRAM STARTED--- 
[38;5;30m[ARGS][0m [38;5;208m[ [0m[38;5;92m"c:/Users/User/Desktop/pyexts/misc/src/misc/__init__.py"[0m[38;5;208m ][0m
---PROGRAM STARTED--- 
[38;5;30m[ARGS][0m [38;5;208m[ [0m[38;5;92m"c:/Users/User/Desktop/pyexts/misc/src/misc/__init__.py"[0m[38;5;208m,[0m [38;5;92m"/?"[0m[38;5;208m ][0m[38;5;30m---PROGRAM STARTED---[0m 
[38;5;30m[ARGS][0m [38;5;208m[ [0m[38;5;92m"c:/Users/User/Desktop/pyexts/misc/src/misc/__init__.py"[0m[38;5;208m ][0m
